C:\CerT-MCMC-v2\experiments\benchmark_logreg_realdata.py:16: SyntaxWarning: invalid escape sequence '\C'
  cd C:\CerT-MCMC-v2\experiments
Device: cuda

  Loading: heart
  DEBUG: y dtype=object, unique values=['absent' 'present']
  DEBUG: y.mean()=0.4444, sum(y)=120, n=270
  Heart Disease (UCI Statlog): n=270, D=13, balance=0.44

======================================================================
  REAL-DATA LOGISTIC REGRESSION: Heart Disease (UCI Statlog)
  D=13, n_obs=270, tau=5.0
  Flow: 13 layers, 104 hidden
  Training: 8000 epochs, 30000 MALA samples
  Cert: 200,000 samples
======================================================================
    MALA: n=30000, warmup=5000, step=0.005, thin=5
      Step 50000, 8s
      Step 100000, 16s
      Step 150000, 24s
    Done. Accept=0.942, shape=torch.Size([30000, 13]), 25s
    [ 1600/8000] NLL=-1.373 | 56s
    [ 3200/8000] NLL=-1.389 | 110s
    [ 4800/8000] NLL=-1.377 | 287s
    [ 6400/8000] NLL=-1.592 | 465s
    [ 8000/8000] NLL=-1.294 | 641s
  Training: 666s

  Quantile diagnostic (200,000 samples)...
  std(r)=0.1267, full_osc=2.8754

  IMH (5000 samples)...
  Accept=0.9368, ESS ratio=0.8249

======================================================================
  RESULTS ¡ª Heart Disease (UCI Statlog) (D=13)
======================================================================
  std(r)=0.1267, full_osc=2.8754
  V1: C=7.0515, gamma=0.001731

  rho         C_hat      gamma    mu(G)    pi(G)
  ______________________________________________
  0.005      1.0314   0.525610   0.9961   0.9952
  0.010      0.7638   0.635646   0.9861   0.9843
  0.025      0.5438   0.734587   0.9561   0.9528
  0.050      0.4094   0.798090   0.9061   0.9016
  0.100      0.2875   0.857225   0.8061   0.8009
  0.250      0.1341   0.933027   0.5061   0.5019

  Accept=0.9368, ESS ratio=0.8249

  VERDICT:
  *** SUCCESS: gamma_01=0.6356, accept=0.9368
  *** This can be a JASA main real-data experiment!

  Saved: results_v2\real_logreg_heart.json
