C:\CerT-MCMC-v2\experiments\benchmark_logreg_realdata.py:16: SyntaxWarning: invalid escape sequence '\C'
  cd C:\CerT-MCMC-v2\experiments
Device: cuda

  Loading: heart
  DEBUG: y dtype=object, unique values=['absent' 'present']
  DEBUG: y.mean()=0.4444, sum(y)=120, n=270
  Heart Disease (UCI Statlog): n=270, D=13, balance=0.44

======================================================================
  REAL-DATA LOGISTIC REGRESSION: Heart Disease (UCI Statlog)
  D=13, n_obs=270, tau=5.0
  Flow: 13 layers, 104 hidden
  Training: 2000 epochs, 5000 MALA samples
  Cert: 50,000 samples
======================================================================
    MALA: n=5000, warmup=2000, step=0.005, thin=3
    Done. Accept=0.942, shape=torch.Size([5000, 13]), 2s
    [  400/2000] NLL=-1.536 | 13s
    [  800/2000] NLL=-1.314 | 26s
    [ 1200/2000] NLL=-1.450 | 68s
    [ 1600/2000] NLL=-1.499 | 109s
    [ 2000/2000] NLL=-1.475 | 151s
  Training: 154s

  Quantile diagnostic (50,000 samples)...
  std(r)=0.2022, full_osc=4.2164

  IMH (2000 samples)...
  Accept=0.8775, ESS ratio=0.7014

======================================================================
  RESULTS ¡ª Heart Disease (UCI Statlog) (D=13)
======================================================================
  std(r)=0.2022, full_osc=4.2164
  V1: C=10.9701, gamma=0.000034

  rho         C_hat      gamma    mu(G)    pi(G)
  ______________________________________________
  0.010      1.2321   0.451636   0.9921   0.9887
  0.025      0.8451   0.600920   0.9621   0.9543
  0.050      0.6650   0.679241   0.9122   0.9007
  0.100      0.4998   0.755189   0.8122   0.7976
  0.250      0.2595   0.870966   0.5122   0.4988

  Accept=0.8775, ESS ratio=0.7014

  VERDICT:
  *** SUCCESS: gamma_01=0.4516, accept=0.8775
  *** This can be a JASA main real-data experiment!

  Saved: results_v2\real_logreg_heart.json
