\BOOKMARK [1][-]{section.A}{\376\377\000S\000e\000l\000f\000-\000c\000o\000n\000t\000a\000i\000n\000e\000d\000\040\000c\000e\000r\000t\000i\000f\000i\000c\000a\000t\000i\000o\000n\000\040\000t\000o\000o\000l\000k\000i\000t}{}% 1
\BOOKMARK [2][-]{subsection.A.1}{\376\377\000I\000n\000d\000e\000p\000e\000n\000d\000e\000n\000c\000e\000\040\000M\000H\000\040\000o\000s\000c\000i\000l\000l\000a\000t\000i\000o\000n\000\040\000b\000o\000u\000n\000d}{section.A}% 2
\BOOKMARK [2][-]{subsection.A.2}{\376\377\000L\000C\000N\000F\000\040\000e\000m\000p\000i\000r\000i\000c\000a\000l\000\040\000o\000s\000c\000i\000l\000l\000a\000t\000i\000o\000n\000\040\000t\000h\000e\000o\000r\000e\000m}{section.A}% 3
\BOOKMARK [2][-]{subsection.A.3}{\376\377\000Q\000u\000a\000n\000t\000i\000l\000e\000-\000c\000o\000r\000e\000\040\000c\000e\000r\000t\000i\000f\000i\000c\000a\000t\000e\000s}{section.A}% 4
\BOOKMARK [2][-]{subsection.A.4}{\376\377\000F\000r\000o\000m\000\040\000L\000C\000N\000F\000\040\000t\000o\000\040\000q\000u\000o\000t\000i\000e\000n\000t\000\040\000s\000p\000a\000c\000e\000:\000\040\000w\000h\000a\000t\000\040\000F\000o\000l\000T\000-\000M\000C\000M\000C\000\040\000a\000d\000d\000s}{section.A}% 5
\BOOKMARK [1][-]{section.B}{\376\377\000C\000o\000m\000p\000l\000e\000t\000e\000\040\000p\000r\000o\000o\000f\000s}{}% 6
\BOOKMARK [2][-]{subsection.B.1}{\376\377\000P\000r\000o\000o\000f\000\040\000o\000f\000\040\000P\000r\000o\000p\000o\000s\000i\000t\000i\000o\000n\000\040\0003\000.\0002\000\040\000\050\000H\000P\000D\000\040\000i\000d\000e\000n\000t\000i\000t\000y\000\051}{section.B}% 7
\BOOKMARK [2][-]{subsection.B.2}{\376\377\000P\000r\000o\000o\000f\000\040\000o\000f\000\040\000C\000o\000r\000o\000l\000l\000a\000r\000y\000\040\0003\000.\0003}{section.B}% 8
\BOOKMARK [2][-]{subsection.B.3}{\376\377\000P\000r\000o\000o\000f\000\040\000o\000f\000\040\000L\000e\000m\000m\000a\000\040\0003\000.\0008\000\040\000\050\000q\000u\000o\000t\000i\000e\000n\000t\000\040\000L\000i\000p\000s\000c\000h\000i\000t\000z\000\040\000c\000o\000n\000s\000t\000a\000n\000t\000\051}{section.B}% 9
\BOOKMARK [2][-]{subsection.B.4}{\376\377\000P\000r\000o\000o\000f\000\040\000o\000f\000\040\000T\000h\000e\000o\000r\000e\000m\000\040\0004\000.\0001\000\040\000\050\000F\000o\000l\000T\000-\000M\000C\000M\000C\000\040\000c\000o\000n\000v\000e\000r\000g\000e\000n\000c\000e\000\040\000d\000i\000a\000g\000n\000o\000s\000t\000i\000c\000\051}{section.B}% 10
\BOOKMARK [2][-]{subsection.B.5}{\376\377\000P\000r\000o\000o\000f\000\040\000o\000f\000\040\000T\000h\000e\000o\000r\000e\000m\000\040\0004\000.\0003\000\040\000\050\000c\000o\000v\000e\000r\000i\000n\000g\000\040\000r\000a\000d\000i\000u\000s\000\040\000i\000m\000p\000r\000o\000v\000e\000m\000e\000n\000t\000\051}{section.B}% 11
\BOOKMARK [2][-]{subsection.B.6}{\376\377\000P\000r\000o\000o\000f\000\040\000o\000f\000\040\000L\000e\000m\000m\000a\000\040\0004\000.\0005\000\040\000\050\000o\000s\000c\000i\000l\000l\000a\000t\000i\000o\000n\000\040\000g\000a\000p\000\051}{section.B}% 12
\BOOKMARK [2][-]{subsection.B.7}{\376\377\000P\000r\000o\000o\000f\000\040\000o\000f\000\040\000T\000h\000e\000o\000r\000e\000m\000\040\0004\000.\0006\000\040\000\050\000d\000i\000a\000g\000n\000o\000s\000t\000i\000c\000\040\000i\000m\000p\000r\000o\000v\000e\000m\000e\000n\000t\000\051}{section.B}% 13
\BOOKMARK [1][-]{section.C}{\376\377\000B\000o\000u\000n\000d\000a\000r\000y\000\040\000a\000n\000a\000l\000y\000s\000i\000s}{}% 14
\BOOKMARK [2][-]{subsection.C.1}{\376\377\000F\000o\000l\000d\000\040\000b\000o\000u\000n\000d\000a\000r\000y\000\040\000d\000e\000n\000s\000i\000t\000y\000\040\000f\000o\000r\000\040\000G\000a\000u\000s\000s\000i\000a\000n\000\040\000m\000i\000x\000t\000u\000r\000e\000s}{section.C}% 15
\BOOKMARK [2][-]{subsection.C.2}{\376\377\000C\000o\000n\000d\000i\000t\000i\000o\000n\000\040\000f\000o\000r\000\040\000K\000F\000\040\000D\000\040\000=\000\040}{section.C}% 16
\BOOKMARK [2][-]{subsection.C.3}{\376\377\000S\000t\000a\000b\000i\000l\000i\000s\000e\000r\000\040\000a\000n\000a\000l\000y\000s\000i\000s\000\040\000f\000o\000r\000\040\000p\000e\000r\000m\000u\000t\000a\000t\000i\000o\000n\000\040\000f\000o\000l\000d\000i\000n\000g}{section.C}% 17
\BOOKMARK [1][-]{section.D}{\376\377\000E\000x\000p\000e\000r\000i\000m\000e\000n\000t\000a\000l\000\040\000d\000e\000t\000a\000i\000l\000s}{}% 18
\BOOKMARK [2][-]{subsection.D.1}{\376\377\000A\000r\000c\000h\000i\000t\000e\000c\000t\000u\000r\000e\000\040\000a\000n\000d\000\040\000h\000y\000p\000e\000r\000p\000a\000r\000a\000m\000e\000t\000e\000r\000s}{section.D}% 19
\BOOKMARK [2][-]{subsection.D.2}{\376\377\000C\000e\000r\000t\000i\000f\000i\000c\000a\000t\000i\000o\000n\000\040\000p\000r\000o\000t\000o\000c\000o\000l}{section.D}% 20
\BOOKMARK [2][-]{subsection.D.3}{\376\377\000M\000C\000M\000C\000\040\000p\000r\000o\000t\000o\000c\000o\000l}{section.D}% 21
\BOOKMARK [2][-]{subsection.D.4}{\376\377\000F\000u\000l\000l\000\040\000q\000u\000a\000n\000t\000i\000l\000e\000-\000c\000o\000r\000e\000\040\000t\000a\000b\000l\000e\000s}{section.D}% 22
\BOOKMARK [2][-]{subsection.D.5}{\376\377\000C\000o\000n\000d\000i\000t\000i\000o\000n\000\040\000v\000e\000r\000i\000f\000i\000c\000a\000t\000i\000o\000n\000\040\000f\000o\000r\000\040\000T\000h\000e\000o\000r\000e\000m\000\040\0004\000.\0006}{section.D}% 23
